/admin			192.168.1.10.2		404
/			10.0.0.5		200
/admin/login		203.0.113.7		500
/admin?x=1		198.51.100.42		200
/admin			198.51.100		403
/other			203.0.113.7		404
/admin/settings		172.16.0.1		401
/admin/dashboard	192.0.2.5		503
/admin			10.10.10.10		200
/admin			8.8.8.888		400
/admin/login		8.8.4.4			502
/admin			192.168.0.100		201
/api			203.0.113.99		500
/admin/stats		172.20.10.5		404
/admin			100.100.100		302
/admin			203.0.113.7		200
/admin?debug=true	198.18.0.22		503
/home			203.0.113.55		200
/admin			203.0.113.55		403
